== .claude/agents/helper.md ==
---
name: helper
description: Answers questions about the project and edits files.
tools: Read, Grep, Glob, Write, Edit
model: claude-haiku-5-5
skills:
  - tidy
maxTurns: 8
---

You are a careful helper.
Answer briefly.
== .claude/skills/tidy/SKILL.md ==
---
name: tidy
description: Tidy up text files.
license: MIT
metadata:
  generated-by: saige export
  owner: docs
---

Remove trailing whitespace.
== .claude/skills/tidy/scripts/tidy.sh ==
#!/bin/sh
sed -i 's/ *$//' "$1"
== .mcp.json ==
{
  "mcpServers": {
    "saige-helper": {
      "type": "stdio",
      "command": "saige-mcp",
      "args": [
        "--agents-dir",
        "$PROJECT/agents",
        "--agent",
        "helper",
        "--root",
        "$PROJECT",
        "--tools",
        "none"
      ]
    }
  }
}
