### saige eval compare: failed

**failed**: 1 of 2 metrics regressed. Candidate `regressed` against baseline `base` (commit `c0ffee020000` against `c0ffee010000`), suite `nightly`.

| Metric | Basis | Baseline | Candidate | Delta | 95% interval | Cases | Status |
| --- | --- | ---: | ---: | ---: | --- | ---: | --- |
| `correct` | pass rate | 1 | 0.7 | -0.3 | [-0.5008, -0.09916] | 20 | **regressed**: dropped by 0.3, interval entirely beyond the 0 tolerated |
| `latency_ms` | mean, lower is better | 109.5 | 109.5 | +0 | [+0, +0] | 20 | passed |

<details><summary>Regressed cases (6)</summary>

| Case | Metric | Baseline | Candidate |
| --- | --- | ---: | ---: |
| `q00` | `correct` | pass 1 | pass 0 |
| `q01` | `correct` | pass 1 | pass 0 |
| `q02` | `correct` | pass 1 | pass 0 |
| `q03` | `correct` | pass 1 | pass 0 |
| `q04` | `correct` | pass 1 | pass 0 |
| `q05` | `correct` | pass 1 | pass 0 |

</details>
